[0.000000] (-) TimerEvent: {}
[0.000140] (robot_description) JobQueued: {'identifier': 'robot_description', 'dependencies': OrderedDict()}
[0.000181] (robot_description) JobStarted: {'identifier': 'robot_description'}
[0.008007] (robot_description) JobProgress: {'identifier': 'robot_description', 'progress': 'cmake'}
[0.009148] (robot_description) JobProgress: {'identifier': 'robot_description', 'progress': 'build'}
[0.009190] (robot_description) Command: {'cmd': ['/usr/bin/cmake', '--build', '/home/ubuntu/AGV_ws/build/robot_description', '--', '-j8', '-l8'], 'cwd': '/home/ubuntu/AGV_ws/build/robot_description', 'env': OrderedDict([('LESSOPEN', '| /usr/bin/lesspipe %s'), ('USER', 'ubuntu'), ('XDG_SESSION_TYPE', 'x11'), ('SHLVL', '1'), ('LD_LIBRARY_PATH', '/opt/ros/humble/opt/rviz_ogre_vendor/lib:/opt/ros/humble/lib/x86_64-linux-gnu:/opt/ros/humble/lib'), ('HOME', '/home/ubuntu'), ('OLDPWD', '/home/ubuntu'), ('DESKTOP_SESSION', 'ubuntu'), ('ROS_PYTHON_VERSION', '3'), ('GNOME_SHELL_SESSION_MODE', 'ubuntu'), ('GTK_MODULES', 'gail:atk-bridge'), ('SYSTEMD_EXEC_PID', '2750'), ('DBUS_SESSION_BUS_ADDRESS', 'unix:path=/run/user/999/bus'), ('COLORTERM', 'truecolor'), ('IM_CONFIG_PHASE', '1'), ('ROS_DISTRO', 'humble'), ('GTK_IM_MODULE', 'ibus'), ('LOGNAME', 'ubuntu'), ('_', '/usr/bin/colcon'), ('ROS_VERSION', '2'), ('XDG_SESSION_CLASS', 'user'), ('USERNAME', 'ubuntu'), ('TERM', 'xterm-256color'), ('GNOME_DESKTOP_SESSION_ID', 'this-is-deprecated'), ('ROS_LOCALHOST_ONLY', '0'), ('WINDOWPATH', '2'), ('PATH', '/opt/ros/humble/bin:/usr/local/sbin:/usr/local/bin:/usr/sbin:/usr/bin:/sbin:/bin:/usr/games:/usr/local/games:/snap/bin:/snap/bin'), ('SESSION_MANAGER', 'local/ubuntu:@/tmp/.ICE-unix/2723,unix/ubuntu:/tmp/.ICE-unix/2723'), ('XDG_MENU_PREFIX', 'gnome-'), ('GNOME_TERMINAL_SCREEN', '/org/gnome/Terminal/screen/cb45a981_c6f3_4bfc_8f5e_fc487dd447d6'), ('XDG_RUNTIME_DIR', '/run/user/999'), ('DISPLAY', ':0'), ('LANG', 'C.UTF-8'), ('XDG_CURRENT_DESKTOP', 'ubuntu:GNOME'), ('XMODIFIERS', '@im=ibus'), ('XDG_SESSION_DESKTOP', 'ubuntu'), ('XAUTHORITY', '/run/user/999/gdm/Xauthority'), ('LS_COLORS', 'rs=0:di=01;34:ln=01;36:mh=00:pi=40;33:so=01;35:do=01;35:bd=40;33;01:cd=40;33;01:or=40;31;01:mi=00:su=37;41:sg=30;43:ca=30;41:tw=30;42:ow=34;42:st=37;44:ex=01;32:*.tar=01;31:*.tgz=01;31:*.arc=01;31:*.arj=01;31:*.taz=01;31:*.lha=01;31:*.lz4=01;31:*.lzh=01;31:*.lzma=01;31:*.tlz=01;31:*.txz=01;31:*.tzo=01;31:*.t7z=01;31:*.zip=01;31:*.z=01;31:*.dz=01;31:*.gz=01;31:*.lrz=01;31:*.lz=01;31:*.lzo=01;31:*.xz=01;31:*.zst=01;31:*.tzst=01;31:*.bz2=01;31:*.bz=01;31:*.tbz=01;31:*.tbz2=01;31:*.tz=01;31:*.deb=01;31:*.rpm=01;31:*.jar=01;31:*.war=01;31:*.ear=01;31:*.sar=01;31:*.rar=01;31:*.alz=01;31:*.ace=01;31:*.zoo=01;31:*.cpio=01;31:*.7z=01;31:*.rz=01;31:*.cab=01;31:*.wim=01;31:*.swm=01;31:*.dwm=01;31:*.esd=01;31:*.jpg=01;35:*.jpeg=01;35:*.mjpg=01;35:*.mjpeg=01;35:*.gif=01;35:*.bmp=01;35:*.pbm=01;35:*.pgm=01;35:*.ppm=01;35:*.tga=01;35:*.xbm=01;35:*.xpm=01;35:*.tif=01;35:*.tiff=01;35:*.png=01;35:*.svg=01;35:*.svgz=01;35:*.mng=01;35:*.pcx=01;35:*.mov=01;35:*.mpg=01;35:*.mpeg=01;35:*.m2v=01;35:*.mkv=01;35:*.webm=01;35:*.webp=01;35:*.ogm=01;35:*.mp4=01;35:*.m4v=01;35:*.mp4v=01;35:*.vob=01;35:*.qt=01;35:*.nuv=01;35:*.wmv=01;35:*.asf=01;35:*.rm=01;35:*.rmvb=01;35:*.flc=01;35:*.avi=01;35:*.fli=01;35:*.flv=01;35:*.gl=01;35:*.dl=01;35:*.xcf=01;35:*.xwd=01;35:*.yuv=01;35:*.cgm=01;35:*.emf=01;35:*.ogv=01;35:*.ogx=01;35:*.aac=00;36:*.au=00;36:*.flac=00;36:*.m4a=00;36:*.mid=00;36:*.midi=00;36:*.mka=00;36:*.mp3=00;36:*.mpc=00;36:*.ogg=00;36:*.ra=00;36:*.wav=00;36:*.oga=00;36:*.opus=00;36:*.spx=00;36:*.xspf=00;36:'), ('GNOME_TERMINAL_SERVICE', ':1.181'), ('SSH_AGENT_LAUNCHER', 'gnome-keyring'), ('SSH_AUTH_SOCK', '/run/user/999/keyring/ssh'), ('AMENT_PREFIX_PATH', '/opt/ros/humble'), ('SHELL', '/bin/bash'), ('QT_ACCESSIBILITY', '1'), ('GDMSESSION', 'ubuntu'), ('LESSCLOSE', '/usr/bin/lesspipe %s %s'), ('IGN_GAZEBO_RESOURCE_PATH', '/opt/ros/humble/share/andino_gz/models'), ('GPG_AGENT_INFO', '/run/user/999/gnupg/S.gpg-agent:0:1'), ('QT_IM_MODULE', 'ibus'), ('PWD', '/home/ubuntu/AGV_ws/build/robot_description'), ('XDG_CONFIG_DIRS', '/etc/xdg/xdg-ubuntu:/etc/xdg'), ('XDG_DATA_DIRS', '/usr/share/ubuntu:/usr/share/gnome:/usr/local/share/:/usr/share/:/var/lib/snapd/desktop'), ('PYTHONPATH', '/opt/ros/humble/lib/python3.10/site-packages:/opt/ros/humble/local/lib/python3.10/dist-packages'), ('COLCON', '1'), ('VTE_VERSION', '6800')]), 'shell': False}
[0.036794] (robot_description) StdoutLine: {'line': b'-- Found ament_cmake: 1.3.11 (/opt/ros/humble/share/ament_cmake/cmake)\n'}
[0.099324] (-) TimerEvent: {}
[0.179289] (robot_description) StdoutLine: {'line': b'-- Found ament_lint_auto: 0.12.11 (/opt/ros/humble/share/ament_lint_auto/cmake)\n'}
[0.199439] (-) TimerEvent: {}
[0.237487] (robot_description) StderrLine: {'line': b"Error parsing '/home/ubuntu/AGV_ws/src/robot_description/package.xml':\n"}
[0.299534] (-) TimerEvent: {}
[0.319088] (robot_description) StderrLine: {'line': b'Traceback (most recent call last):\n'}
[0.319241] (robot_description) StderrLine: {'line': b'  File "/usr/lib/python3/dist-packages/catkin_pkg/package.py", line 610, in parse_package_string\n'}
[0.319714] (robot_description) StderrLine: {'line': b'    root = dom.parseString(data)\n'}
[0.319834] (robot_description) StderrLine: {'line': b'  File "/usr/lib/python3.10/xml/dom/minidom.py", line 2000, in parseString\n'}
[0.320729] (robot_description) StderrLine: {'line': b'    return expatbuilder.parseString(string)\n'}
[0.320989] (robot_description) StderrLine: {'line': b'  File "/usr/lib/python3.10/xml/dom/expatbuilder.py", line 925, in parseString\n'}
[0.321456] (robot_description) StderrLine: {'line': b'    return builder.parseString(string)\n'}
[0.321926] (robot_description) StderrLine: {'line': b'  File "/usr/lib/python3.10/xml/dom/expatbuilder.py", line 223, in parseString\n'}
[0.322138] (robot_description) StderrLine: {'line': b'    parser.Parse(string, True)\n'}
[0.322264] (robot_description) StderrLine: {'line': b'xml.parsers.expat.ExpatError: XML or text declaration not at start of entity: line 27, column 0\n'}
[0.322404] (robot_description) StderrLine: {'line': b'\n'}
[0.322589] (robot_description) StderrLine: {'line': b'During handling of the above exception, another exception occurred:\n'}
[0.322838] (robot_description) StderrLine: {'line': b'\n'}
[0.323055] (robot_description) StderrLine: {'line': b'Traceback (most recent call last):\n'}
[0.323255] (robot_description) StderrLine: {'line': b'  File "/opt/ros/humble/share/ament_cmake_core/cmake/core/package_xml_2_cmake.py", line 150, in <module>\n'}
[0.323454] (robot_description) StderrLine: {'line': b'    main()\n'}
[0.323615] (robot_description) StderrLine: {'line': b'  File "/opt/ros/humble/share/ament_cmake_core/cmake/core/package_xml_2_cmake.py", line 53, in main\n'}
[0.323754] (robot_description) StderrLine: {'line': b'    raise e\n'}
[0.323921] (robot_description) StderrLine: {'line': b'  File "/opt/ros/humble/share/ament_cmake_core/cmake/core/package_xml_2_cmake.py", line 49, in main\n'}
[0.324069] (robot_description) StderrLine: {'line': b'    package = parse_package_string(\n'}
[0.324211] (robot_description) StderrLine: {'line': b'  File "/usr/lib/python3/dist-packages/catkin_pkg/package.py", line 612, in parse_package_string\n'}
[0.324360] (robot_description) StderrLine: {'line': b"    raise InvalidPackage('The manifest contains invalid XML:\\n%s' % ex, filename)\n"}
[0.324521] (robot_description) StderrLine: {'line': b"catkin_pkg.package.InvalidPackage: Error(s) in package '/home/ubuntu/AGV_ws/src/robot_description/package.xml':\n"}
[0.324683] (robot_description) StderrLine: {'line': b'The manifest contains invalid XML:\n'}
[0.324872] (robot_description) StderrLine: {'line': b'XML or text declaration not at start of entity: line 27, column 0\n'}
[0.360695] (robot_description) StderrLine: {'line': b'\x1b[31mCMake Error at /opt/ros/humble/share/ament_cmake_core/cmake/core/ament_package_xml.cmake:95 (message):\n'}
[0.361102] (robot_description) StderrLine: {'line': b'  execute_process(/usr/bin/python3\n'}
[0.361222] (robot_description) StderrLine: {'line': b'  /opt/ros/humble/share/ament_cmake_core/cmake/core/package_xml_2_cmake.py\n'}
[0.361345] (robot_description) StderrLine: {'line': b'  /home/ubuntu/AGV_ws/src/robot_description/package.xml\n'}
[0.361439] (robot_description) StderrLine: {'line': b'  /home/ubuntu/AGV_ws/build/robot_description/ament_cmake_core/package.cmake)\n'}
[0.361527] (robot_description) StderrLine: {'line': b'  returned error code 1\n'}
[0.361632] (robot_description) StderrLine: {'line': b'Call Stack (most recent call first):\n'}
[0.361722] (robot_description) StderrLine: {'line': b'  /opt/ros/humble/share/ament_cmake_core/cmake/core/ament_package_xml.cmake:49 (_ament_package_xml)\n'}
[0.361838] (robot_description) StderrLine: {'line': b'  /opt/ros/humble/share/ament_lint_auto/cmake/ament_lint_auto_find_test_dependencies.cmake:31 (ament_package_xml)\n'}
[0.361934] (robot_description) StderrLine: {'line': b'  CMakeLists.txt:36 (ament_lint_auto_find_test_dependencies)\n'}
[0.362025] (robot_description) StderrLine: {'line': b'\n'}
[0.362116] (robot_description) StderrLine: {'line': b'\x1b[0m\n'}
[0.362211] (robot_description) StdoutLine: {'line': b'-- Configuring incomplete, errors occurred!\n'}
[0.362325] (robot_description) StdoutLine: {'line': b'See also "/home/ubuntu/AGV_ws/build/robot_description/CMakeFiles/CMakeOutput.log".\n'}
[0.363947] (robot_description) StderrLine: {'line': b'gmake: *** [Makefile:226: cmake_check_build_system] Error 1\n'}
[0.366119] (robot_description) CommandEnded: {'returncode': 2}
[0.366499] (robot_description) JobEnded: {'identifier': 'robot_description', 'rc': 2}
[0.376543] (-) EventReactorShutdown: {}
