[0.010s] Invoking command in '/home/ubuntu/AGV_ws/build/robot_description': /usr/bin/cmake --build /home/ubuntu/AGV_ws/build/robot_description -- -j8 -l8
[0.037s] -- Found ament_cmake: 1.3.11 (/opt/ros/humble/share/ament_cmake/cmake)
[0.179s] -- Found ament_lint_auto: 0.12.11 (/opt/ros/humble/share/ament_lint_auto/cmake)
[0.237s] Error parsing '/home/ubuntu/AGV_ws/src/robot_description/package.xml':
[0.319s] Traceback (most recent call last):
[0.319s]   File "/usr/lib/python3/dist-packages/catkin_pkg/package.py", line 610, in parse_package_string
[0.320s]     root = dom.parseString(data)
[0.320s]   File "/usr/lib/python3.10/xml/dom/minidom.py", line 2000, in parseString
[0.321s]     return expatbuilder.parseString(string)
[0.321s]   File "/usr/lib/python3.10/xml/dom/expatbuilder.py", line 925, in parseString
[0.322s]     return builder.parseString(string)
[0.322s]   File "/usr/lib/python3.10/xml/dom/expatbuilder.py", line 223, in parseString
[0.322s]     parser.Parse(string, True)
[0.322s] xml.parsers.expat.ExpatError: XML or text declaration not at start of entity: line 27, column 0
[0.322s] 
[0.322s] During handling of the above exception, another exception occurred:
[0.323s] 
[0.323s] Traceback (most recent call last):
[0.323s]   File "/opt/ros/humble/share/ament_cmake_core/cmake/core/package_xml_2_cmake.py", line 150, in <module>
[0.323s]     main()
[0.323s]   File "/opt/ros/humble/share/ament_cmake_core/cmake/core/package_xml_2_cmake.py", line 53, in main
[0.324s]     raise e
[0.324s]   File "/opt/ros/humble/share/ament_cmake_core/cmake/core/package_xml_2_cmake.py", line 49, in main
[0.324s]     package = parse_package_string(
[0.324s]   File "/usr/lib/python3/dist-packages/catkin_pkg/package.py", line 612, in parse_package_string
[0.324s]     raise InvalidPackage('The manifest contains invalid XML:\n%s' % ex, filename)
[0.324s] catkin_pkg.package.InvalidPackage: Error(s) in package '/home/ubuntu/AGV_ws/src/robot_description/package.xml':
[0.325s] The manifest contains invalid XML:
[0.325s] XML or text declaration not at start of entity: line 27, column 0
[0.361s] [31mCMake Error at /opt/ros/humble/share/ament_cmake_core/cmake/core/ament_package_xml.cmake:95 (message):
[0.361s]   execute_process(/usr/bin/python3
[0.361s]   /opt/ros/humble/share/ament_cmake_core/cmake/core/package_xml_2_cmake.py
[0.361s]   /home/ubuntu/AGV_ws/src/robot_description/package.xml
[0.361s]   /home/ubuntu/AGV_ws/build/robot_description/ament_cmake_core/package.cmake)
[0.361s]   returned error code 1
[0.361s] Call Stack (most recent call first):
[0.362s]   /opt/ros/humble/share/ament_cmake_core/cmake/core/ament_package_xml.cmake:49 (_ament_package_xml)
[0.362s]   /opt/ros/humble/share/ament_lint_auto/cmake/ament_lint_auto_find_test_dependencies.cmake:31 (ament_package_xml)
[0.362s]   CMakeLists.txt:36 (ament_lint_auto_find_test_dependencies)
[0.362s] 
[0.362s] [0m
[0.362s] -- Configuring incomplete, errors occurred!
[0.362s] See also "/home/ubuntu/AGV_ws/build/robot_description/CMakeFiles/CMakeOutput.log".
[0.364s] gmake: *** [Makefile:226: cmake_check_build_system] Error 1
[0.366s] Invoked command in '/home/ubuntu/AGV_ws/build/robot_description' returned '2': /usr/bin/cmake --build /home/ubuntu/AGV_ws/build/robot_description -- -j8 -l8
